---
source: src/controller/format.rs
expression: response.headers()
---
{
    "set-cookie": "foo=bar",
    "set-cookie": "baz=qux",
}
