---
source: src/controller/app_routes.rs
expression: "format!(\"{:?} {}\", route.actions, route.uri)"
---
"[TRACE] /normalizer/multiple-end"
