---
source: src/controller/app_routes.rs
expression: "format!(\"{:?} {}\", route.actions, route.uri)"
---
"[DELETE] /normalizer/foo/bar"
