---
source: src/controller/format.rs
expression: response
---
Response {
    status: 200,
    version: HTTP/1.1,
    headers: {
        "content-type": "text/html; charset=utf-8",
    },
    body: Body(
        UnsyncBoxBody,
    ),
}
