---
source: src/controller/format.rs
expression: response
---
Response {
    status: 200,
    version: HTTP/1.1,
    headers: {},
    body: Body(
        UnsyncBoxBody,
    ),
}
