---
source: src/controller/app_routes.rs
expression: "format!(\"{:?} {}\", route.actions, route.uri)"
---
"[PUT] /multiple1"
