---
source: src/controller/app_routes.rs
expression: "format!(\"{:?} {}\", route.actions, route.uri)"
---
"[HEAD] /normalizer/multiple-start"
